{
  "version": "1.5.0",
  "plugins_used": [
    {
      "name": "ArtifactoryDetector"
    },
    {
      "name": "AWSKeyDetector"
    },
    {
      "name": "AzureStorageKeyDetector"
    },
    {
      "name": "Base64HighEntropyString",
      "limit": 4.5
    },
    {
      "name": "BasicAuthDetector"
    },
    {
      "name": "CloudantDetector"
    },
    {
      "name": "DiscordBotTokenDetector"
    },
    {
      "name": "GitHubTokenDetector"
    },
    {
      "name": "GitLabTokenDetector"
    },
    {
      "name": "HexHighEntropyString",
      "limit": 3.0
    },
    {
      "name": "IbmCloudIamDetector"
    },
    {
      "name": "IbmCosHmacDetector"
    },
    {
      "name": "IPPublicDetector"
    },
    {
      "name": "JwtTokenDetector"
    },
    {
      "name": "KeywordDetector",
      "keyword_exclude": ""
    },
    {
      "name": "MailchimpDetector"
    },
    {
      "name": "NpmDetector"
    },
    {
      "name": "OpenAIDetector"
    },
    {
      "name": "PrivateKeyDetector"
    },
    {
      "name": "PypiTokenDetector"
    },
    {
      "name": "SendGridDetector"
    },
    {
      "name": "SlackDetector"
    },
    {
      "name": "SoftlayerDetector"
    },
    {
      "name": "SquareOAuthDetector"
    },
    {
      "name": "StripeDetector"
    },
    {
      "name": "TelegramBotTokenDetector"
    },
    {
      "name": "TwilioKeyDetector"
    }
  ],
  "filters_used": [
    {
      "path": "detect_secrets.filters.allowlist.is_line_allowlisted"
    },
    {
      "path": "detect_secrets.filters.common.is_baseline_file",
      "filename": ".secrets.baseline"
    },
    {
      "path": "detect_secrets.filters.common.is_ignored_due_to_verification_policies",
      "min_level": 2
    },
    {
      "path": "detect_secrets.filters.heuristic.is_indirect_reference"
    },
    {
      "path": "detect_secrets.filters.heuristic.is_likely_id_string"
    },
    {
      "path": "detect_secrets.filters.heuristic.is_lock_file"
    },
    {
      "path": "detect_secrets.filters.heuristic.is_not_alphanumeric_string"
    },
    {
      "path": "detect_secrets.filters.heuristic.is_potential_uuid"
    },
    {
      "path": "detect_secrets.filters.heuristic.is_prefixed_with_dollar_sign"
    },
    {
      "path": "detect_secrets.filters.heuristic.is_sequential_string"
    },
    {
      "path": "detect_secrets.filters.heuristic.is_swagger_file"
    },
    {
      "path": "detect_secrets.filters.heuristic.is_templated_secret"
    }
  ],
  "results": {
    ".claude/skills/fastmcp/SKILL.md": [
      {
        "type": "Secret Keyword",
        "filename": ".claude/skills/fastmcp/SKILL.md",
        "hashed_secret": "e40aee07a4acf843e9dc8d3e6f24675a07308184",
        "is_verified": false,
        "line_number": 615
      },
      {
        "type": "Secret Keyword",
        "filename": ".claude/skills/fastmcp/SKILL.md",
        "hashed_secret": "c303df00cd0a72b21c62900b758b06fc541664ce",
        "is_verified": false,
        "line_number": 699
      },
      {
        "type": "Secret Keyword",
        "filename": ".claude/skills/fastmcp/SKILL.md",
        "hashed_secret": "a3a6297869a029483c11d0fd8e45a69aba6fcb93",
        "is_verified": false,
        "line_number": 916
      }
    ],
    ".github/workflows/gemini-dispatch.yml": [
      {
        "type": "Secret Keyword",
        "filename": ".github/workflows/gemini-dispatch.yml",
        "hashed_secret": "3e26d6750975d678acb8fa35a0f69237881576b0",
        "is_verified": false,
        "line_number": 138
      }
    ],
    ".github/workflows/release.yml": [
      {
        "type": "Secret Keyword",
        "filename": ".github/workflows/release.yml",
        "hashed_secret": "af4a19de77e37873b68855eaf7d1827bd10e64b2",
        "is_verified": false,
        "line_number": 285
      }
    ],
    "README.md": [
      {
        "type": "Secret Keyword",
        "filename": "README.md",
        "hashed_secret": "126f2a9ecc5718eb1cecb6d3bd8cea3f9d85760c",
        "is_verified": false,
        "line_number": 33
      },
      {
        "type": "Secret Keyword",
        "filename": "README.md",
        "hashed_secret": "d95d8d98ba32949fec107b6ec4c2a898326fe4b3",
        "is_verified": false,
        "line_number": 34
      }
    ],
    "SECURITY.md": [
      {
        "type": "Secret Keyword",
        "filename": "SECURITY.md",
        "hashed_secret": "e133b5083795190eae5d96c0d3a0aff1829dab3e",
        "is_verified": false,
        "line_number": 138
      }
    ],
    "docs/api/mcp-tools.md": [
      {
        "type": "Secret Keyword",
        "filename": "docs/api/mcp-tools.md",
        "hashed_secret": "ba984a4519cb995e9a79a0751749af0640411bad",
        "is_verified": false,
        "line_number": 236
      },
      {
        "type": "Hex High Entropy String",
        "filename": "docs/api/mcp-tools.md",
        "hashed_secret": "960903f95946e89e7a21ab56be937700ab2fcc15",
        "is_verified": false,
        "line_number": 413
      },
      {
        "type": "Hex High Entropy String",
        "filename": "docs/api/mcp-tools.md",
        "hashed_secret": "4aad81b82c54b35a326e72bb41999cf64cb5300a",
        "is_verified": false,
        "line_number": 648
      },
      {
        "type": "Secret Keyword",
        "filename": "docs/api/mcp-tools.md",
        "hashed_secret": "1816851d10187b57a93235b52495e615629f906d",
        "is_verified": false,
        "line_number": 1532
      }
    ],
    "docs/api/unifi-api-reference.md": [
      {
        "type": "Secret Keyword",
        "filename": "docs/api/unifi-api-reference.md",
        "hashed_secret": "a761ce3a45d97e41840a788495e85a70d1bb3815",
        "is_verified": false,
        "line_number": 1021
      }
    ],
    "src/models/radius.py": [
      {
        "type": "Secret Keyword",
        "filename": "src/models/radius.py",
        "hashed_secret": "f2b14f68eb995facb3a1c35287b778d5bd785511",
        "is_verified": false,
        "line_number": 47
      }
    ],
    "tests/unit/api/test_client.py": [
      {
        "type": "Secret Keyword",
        "filename": "tests/unit/api/test_client.py",
        "hashed_secret": "2e7a7ee14caebf378fc32d6cf6f557f347c96773",
        "is_verified": false,
        "line_number": 26
      }
    ],
    "tests/unit/api/test_network_client.py": [
      {
        "type": "Secret Keyword",
        "filename": "tests/unit/api/test_network_client.py",
        "hashed_secret": "3acfb2c2b433c0ea7ff107e33df91b18e52f960f",
        "is_verified": false,
        "line_number": 16
      }
    ],
    "tests/unit/api/test_site_manager_client.py": [
      {
        "type": "Secret Keyword",
        "filename": "tests/unit/api/test_site_manager_client.py",
        "hashed_secret": "50bf87206003365c5652cf75225ee09cbb31d664",
        "is_verified": false,
        "line_number": 18
      }
    ],
    "tests/unit/config/test_config.py": [
      {
        "type": "Secret Keyword",
        "filename": "tests/unit/config/test_config.py",
        "hashed_secret": "b48808b6c1b4b06a619093f5827942bfc21e75d0",
        "is_verified": false,
        "line_number": 224
      },
      {
        "type": "Secret Keyword",
        "filename": "tests/unit/config/test_config.py",
        "hashed_secret": "054e08d62f13ee96c961125a6add50ab993c28af",
        "is_verified": false,
        "line_number": 235
      },
      {
        "type": "Secret Keyword",
        "filename": "tests/unit/config/test_config.py",
        "hashed_secret": "443e275e7917e6f492d130ee73c696b24544038f",
        "is_verified": false,
        "line_number": 244
      },
      {
        "type": "Secret Keyword",
        "filename": "tests/unit/config/test_config.py",
        "hashed_secret": "50bf87206003365c5652cf75225ee09cbb31d664",
        "is_verified": false,
        "line_number": 274
      },
      {
        "type": "Secret Keyword",
        "filename": "tests/unit/config/test_config.py",
        "hashed_secret": "da862ed70e3efccdd1234376b6ebae679f44c68c",
        "is_verified": false,
        "line_number": 283
      }
    ],
    "tests/unit/models/test_firewall_policy.py": [
      {
        "type": "Hex High Entropy String",
        "filename": "tests/unit/models/test_firewall_policy.py",
        "hashed_secret": "339783c495bbfe343aee27184432c49268ec25f2",
        "is_verified": false,
        "line_number": 282
      }
    ],
    "tests/unit/test_integration_env_loading.py": [
      {
        "type": "Secret Keyword",
        "filename": "tests/unit/test_integration_env_loading.py",
        "hashed_secret": "8a6d9f05e543622e9ae589777c769a1669f5c247",
        "is_verified": false,
        "line_number": 36
      },
      {
        "type": "Secret Keyword",
        "filename": "tests/unit/test_integration_env_loading.py",
        "hashed_secret": "4dd88d5cd9e9bb507cd761f9638d8043aba4de25",
        "is_verified": false,
        "line_number": 51
      },
      {
        "type": "Secret Keyword",
        "filename": "tests/unit/test_integration_env_loading.py",
        "hashed_secret": "fba1d0ef43ecefa349a843eb4c1a3a67af8df91a",
        "is_verified": false,
        "line_number": 65
      },
      {
        "type": "Secret Keyword",
        "filename": "tests/unit/test_integration_env_loading.py",
        "hashed_secret": "81ecf9f741e88af07bfed364c72b5697c363c741",
        "is_verified": false,
        "line_number": 79
      },
      {
        "type": "Secret Keyword",
        "filename": "tests/unit/test_integration_env_loading.py",
        "hashed_secret": "a026cf4864d3e6f00c00eba285ee017eeeccc246",
        "is_verified": false,
        "line_number": 93
      }
    ],
    "tests/unit/test_main_agnost_import.py": [
      {
        "type": "Secret Keyword",
        "filename": "tests/unit/test_main_agnost_import.py",
        "hashed_secret": "3acfb2c2b433c0ea7ff107e33df91b18e52f960f",
        "is_verified": false,
        "line_number": 15
      }
    ],
    "tests/unit/tools/test_radius_tools.py": [
      {
        "type": "Secret Keyword",
        "filename": "tests/unit/tools/test_radius_tools.py",
        "hashed_secret": "e5e9fa1ba31ecd1ae84f75caaa474f3a663f05f4",
        "is_verified": false,
        "line_number": 67
      },
      {
        "type": "Secret Keyword",
        "filename": "tests/unit/tools/test_radius_tools.py",
        "hashed_secret": "9c70b2fce6428fbea4e02eb20849d4f69ca893b7",
        "is_verified": false,
        "line_number": 69
      },
      {
        "type": "Secret Keyword",
        "filename": "tests/unit/tools/test_radius_tools.py",
        "hashed_secret": "1a91d62f7ca67399625a4368a6ab5d4a3baa6073",
        "is_verified": false,
        "line_number": 106
      }
    ],
    "tests/unit/tools/test_site_manager_tools.py": [
      {
        "type": "Secret Keyword",
        "filename": "tests/unit/tools/test_site_manager_tools.py",
        "hashed_secret": "3acfb2c2b433c0ea7ff107e33df91b18e52f960f",
        "is_verified": false,
        "line_number": 29
      },
      {
        "type": "Hex High Entropy String",
        "filename": "tests/unit/tools/test_site_manager_tools.py",
        "hashed_secret": "14d1b67468d122f32a08d4ea93fdc0e4fcfc52cc",
        "is_verified": false,
        "line_number": 290
      }
    ],
    "tests/unit/tools/test_wifi_tools.py": [
      {
        "type": "Secret Keyword",
        "filename": "tests/unit/tools/test_wifi_tools.py",
        "hashed_secret": "3acfb2c2b433c0ea7ff107e33df91b18e52f960f",
        "is_verified": false,
        "line_number": 21
      },
      {
        "type": "Secret Keyword",
        "filename": "tests/unit/tools/test_wifi_tools.py",
        "hashed_secret": "20b05c695ef1f14caa80ab1ce617d503ba9de093",
        "is_verified": false,
        "line_number": 137
      },
      {
        "type": "Secret Keyword",
        "filename": "tests/unit/tools/test_wifi_tools.py",
        "hashed_secret": "34a67d193f21f0689417d1dbf538ddcc2be45b91",
        "is_verified": false,
        "line_number": 172
      },
      {
        "type": "Secret Keyword",
        "filename": "tests/unit/tools/test_wifi_tools.py",
        "hashed_secret": "3bc69e8f812015b0e8fb13d79821707fb53c84b4",
        "is_verified": false,
        "line_number": 188
      },
      {
        "type": "Secret Keyword",
        "filename": "tests/unit/tools/test_wifi_tools.py",
        "hashed_secret": "e3c907fb5fd3aa67b93517c7ce34a4e776a299d3",
        "is_verified": false,
        "line_number": 219
      },
      {
        "type": "Secret Keyword",
        "filename": "tests/unit/tools/test_wifi_tools.py",
        "hashed_secret": "a55a3986a699ba4d2b29b2057811322bf076abd0",
        "is_verified": false,
        "line_number": 390
      }
    ],
    "tests/unit/utils/test_audit.py": [
      {
        "type": "Secret Keyword",
        "filename": "tests/unit/utils/test_audit.py",
        "hashed_secret": "0e60a6eaecd35f24a4ae8361d36f8c46a762f33b",
        "is_verified": false,
        "line_number": 196
      },
      {
        "type": "Secret Keyword",
        "filename": "tests/unit/utils/test_audit.py",
        "hashed_secret": "120340c3d011e9621b9bb88b5884221b25251b88",
        "is_verified": false,
        "line_number": 200
      },
      {
        "type": "Secret Keyword",
        "filename": "tests/unit/utils/test_audit.py",
        "hashed_secret": "f0cd6f171658ae979830981658a0133767daf78a",
        "is_verified": false,
        "line_number": 205
      },
      {
        "type": "Secret Keyword",
        "filename": "tests/unit/utils/test_audit.py",
        "hashed_secret": "05baadf86b23d3dafaf432263a7cf24d0287a350",
        "is_verified": false,
        "line_number": 206
      },
      {
        "type": "Secret Keyword",
        "filename": "tests/unit/utils/test_audit.py",
        "hashed_secret": "0bdcbb491501e7342e346c98f32f1b5206dacbfe",
        "is_verified": false,
        "line_number": 571
      }
    ],
    "tests/unit/utils/test_helpers.py": [
      {
        "type": "Secret Keyword",
        "filename": "tests/unit/utils/test_helpers.py",
        "hashed_secret": "f2b14f68eb995facb3a1c35287b778d5bd785511",
        "is_verified": false,
        "line_number": 185
      },
      {
        "type": "Secret Keyword",
        "filename": "tests/unit/utils/test_helpers.py",
        "hashed_secret": "e48c47f1431afd3bb030deea266b4309e2228c5b",
        "is_verified": false,
        "line_number": 192
      },
      {
        "type": "Secret Keyword",
        "filename": "tests/unit/utils/test_helpers.py",
        "hashed_secret": "e9fe51f94eadabf54dbf2fbbd57188b9abee436e",
        "is_verified": false,
        "line_number": 199
      },
      {
        "type": "Secret Keyword",
        "filename": "tests/unit/utils/test_helpers.py",
        "hashed_secret": "e5e9fa1ba31ecd1ae84f75caaa474f3a663f05f4",
        "is_verified": false,
        "line_number": 220
      },
      {
        "type": "Secret Keyword",
        "filename": "tests/unit/utils/test_helpers.py",
        "hashed_secret": "f32b67c7e26342af42efabc674d441dca0a281c5",
        "is_verified": false,
        "line_number": 227
      }
    ],
    "tests/unit/utils/test_validators.py": [
      {
        "type": "Hex High Entropy String",
        "filename": "tests/unit/utils/test_validators.py",
        "hashed_secret": "960903f95946e89e7a21ab56be937700ab2fcc15",
        "is_verified": false,
        "line_number": 154
      }
    ]
  },
  "generated_at": "2026-03-18T07:07:35Z"
}
